[dotenv@17.2.4] injecting env (6) from .env -- tip: ­ƒùé´©Å backup and recover secrets: https://dotenvx.com/ops
Testing with config: {
  numagencia: '13031_244_ext',
  password: '***',
  idioma: 1,
  addnumagencia: '_244_ext',
  domain: 'vidahome.es'
}

--- Testing PAGINACION (List) ---
node.exe : [InmovillaWebClient] Authorization Error: die("xIP 
NO VALIDADA - IP_RECIVED: 90.165.121.37 --- logsgenericos");
En C:\Program Files\nodejs\npx.ps1: 29 Carácter: 3
+   & $NODE_EXE $NPX_CLI_JS $args
+   ~~~~~~~~~~~~~~~~~~~~~~~~~~~~~
    + CategoryInfo          : NotSpecified: ([InmovillaWebCl. 
   ..ogsgenericos");:String) [], RemoteException
    + FullyQualifiedErrorId : NativeCommandError
 
Test failed: Error: Inmovilla API: IP no autorizada. IP 
recibida: 90.165.121.37. Considera usar el proxy de Arsys con 
IP est├ítica. Ver docs/ARSYS_PROXY_SETUP.md
    at InmovillaWebClient.execute (C:\Users\Admin\.gemini\anti
gravity\scratch\inmovilla-next-app\src\lib\api\web-client.ts:2
50:31)
    at process.processTicksAndRejections 
(node:internal/process/task_queues:105:5)
    at async testDetail (C:\Users\Admin\.gemini\antigravity\sc
ratch\inmovilla-next-app\test-web-api.ts:24:25)
